[33mNextflow 25.10.4 is available - Please consider updating your version to it(B[m

 N E X T F L O W   ~  version 25.10.2

Launching `main.nf` [scruffy_coulomb] DSL2 - revision: 72c9240055

null

------------------------------------------------------
                                        ,--./,-.
        ___     __   __   __   ___     /,-._.--~'
  |\ | |__  __ /  ` /  \ |__) |__         }  {
  | \| |       \__, \__/ |  \ |___     \`-._,-`-,
                                        `._,._,'
  nf-core/panoramaseq 1.0.0dev
------------------------------------------------------
Input/output options
  input                  : ./assets/samplesheet.csv
  outdir                 : test_starsolo

Generic options
  mergecounts            : true
  validate_h5ad          : true
  trace_report_suffix    : 2026-02-17_17-58-03

Pipeline-specific options
  star_genome_dir        : /kyukon/data/gent/vo/000/gvo00027/resources/STAR_index/Homo_sapiens/GRCh38.dna.primary_assembly.chrIS_spikes_45SwithGTF
  star_gtf               : /kyukon/data/gent/vo/000/gvo00027/resources/Ensembl_transcriptomes/Homo_sapiens/GRCh38/Homo_sapiens.GRCh38.109.chrIS_spikes_45S.gtf
  umitools_extract_method: string
  umitools_bc_pattern    : NNNNNNNNN
  extract_umi            : true
  gpus                   : 1
  workflow_type          : starsolo

Core Nextflow options
  runName                : scruffy_coulomb
  containerEngine        : singularity
  launchDir              : /kyukon/scratch/gent/vo/000/gvo00027/vsc44685/panoramaseq/revision_1/panoramaseq
  workDir                : /kyukon/scratch/gent/vo/000/gvo00027/vsc44685/panoramaseq/revision_1/panoramaseq/work
  projectDir             : /kyukon/scratch/gent/vo/000/gvo00027/vsc44685/panoramaseq/revision_1/panoramaseq
  userName               : vsc44685
  profile                : singularity
  configFiles            : 

!! Only displaying parameters that differ from the pipeline defaults !!
------------------------------------------------------
* The nf-core framework
    https://doi.org/10.1038/s41587-020-0439-x

* Software dependencies
    https://github.com/nf-core/panoramaseq/blob/master/CITATIONS.md

null
[-        ] NFC…RAMASEQ:PANORAMASEQ:FASTQC -
[-        ] NFC…ANORAMASEQ_STARSOLO:FASTQC -
[-        ] NFC…SEQ_STARSOLO:QUIK_STARSOLO -
[-        ] NFC…LO:REORDER_R1_FOR_STARSOLO -
[-        ] NFC…EMAP_BARCODES_FOR_STARSOLO -
[-        ] NFC…ORAMASEQ_STARSOLO:STARSOLO -
[-        ] NFC…_STARSOLO:STARSOLO_TO_H5AD -

[-        ] NFC…RAMASEQ:PANORAMASEQ:FASTQC -
[-        ] NFC…ANORAMASEQ_STARSOLO:FASTQC -
[-        ] NFC…SEQ_STARSOLO:QUIK_STARSOLO -
[-        ] NFC…LO:REORDER_R1_FOR_STARSOLO -
[-        ] NFC…EMAP_BARCODES_FOR_STARSOLO -
[-        ] NFC…ORAMASEQ_STARSOLO:STARSOLO -
[-        ] NFC…_STARSOLO:STARSOLO_TO_H5AD -
[-        ] NFC…AMASEQ:PANORAMASEQ:MULTIQC -

[-        ] NFC…RAMASEQ:PANORAMASEQ:FASTQC -
[-        ] NFC…ANORAMASEQ_STARSOLO:FASTQC -
[-        ] NFC…SEQ_STARSOLO:QUIK_STARSOLO -
[-        ] NFC…LO:REORDER_R1_FOR_STARSOLO -
[-        ] NFC…EMAP_BARCODES_FOR_STARSOLO -
[-        ] NFC…ORAMASEQ_STARSOLO:STARSOLO -
[-        ] NFC…_STARSOLO:STARSOLO_TO_H5AD -
[-        ] NFC…AMASEQ:PANORAMASEQ:MULTIQC -
PIPELINE_INITIALISATION.out.samplesheet: [[id:test1, N_barcodes:34500, barcode_file:/nf-core/test-datasets/panoramaseq/testdata/barcodes_coords.csv, single_end:false], [/nf-core/test-datasets/panoramaseq/testdata/rawfastq/S09_UHRR_R1.fastq.gz, /nf-core/test-datasets/panoramaseq/testdata/rawfastq/S09_UHRR_R2.fastq.gz]]
PIPELINE_INITIALISATION.out.samplesheet: [[id:test2, N_barcodes:34500, barcode_file:/nf-core/test-datasets/panoramaseq/testdata/barcodes_coords.csv, single_end:false], [/nf-core/test-datasets/panoramaseq/testdata/rawfastq/S10_UHRR_R1.fastq.gz, /nf-core/test-datasets/panoramaseq/testdata/rawfastq/S10_UHRR_R2.fastq.gz]]

[-        ] NFC…RAMASEQ:PANORAMASEQ:FASTQC | 0 of 2
[-        ] NFC…ANORAMASEQ_STARSOLO:FASTQC | 0 of 2
[-        ] NFC…SEQ_STARSOLO:QUIK_STARSOLO | 0 of 2
[-        ] NFC…LO:REORDER_R1_FOR_STARSOLO -
[-        ] NFC…EMAP_BARCODES_FOR_STARSOLO -
[-        ] NFC…ORAMASEQ_STARSOLO:STARSOLO -
[-        ] NFC…_STARSOLO:STARSOLO_TO_H5AD -
[-        ] NFC…AMASEQ:PANORAMASEQ:MULTIQC -
PIPELINE_INITIALISATION.out.samplesheet: [[id:test1, N_barcodes:34500, barcode_file:/nf-core/test-datasets/panoramaseq/testdata/barcodes_coords.csv, single_end:false], [/nf-core/test-datasets/panoramaseq/testdata/rawfastq/S09_UHRR_R1.fastq.gz, /nf-core/test-datasets/panoramaseq/testdata/rawfastq/S09_UHRR_R2.fastq.gz]]
PIPELINE_INITIALISATION.out.samplesheet: [[id:test2, N_barcodes:34500, barcode_file:/nf-core/test-datasets/panoramaseq/testdata/barcodes_coords.csv, single_end:false], [/nf-core/test-datasets/panoramaseq/testdata/rawfastq/S10_UHRR_R1.fastq.gz, /nf-core/test-datasets/panoramaseq/testdata/rawfastq/S10_UHRR_R2.fastq.gz]]

executor >  local (2)
[72/22a37d] NFC…RAMASEQ:FASTQC (raw_test1) | 0 of 2
[cf/9a6bf8] NFC…TARSOLO:FASTQC (raw_test2) | 0 of 2
[-        ] NFC…SEQ_STARSOLO:QUIK_STARSOLO | 0 of 2
[-        ] NFC…LO:REORDER_R1_FOR_STARSOLO -
[-        ] NFC…EMAP_BARCODES_FOR_STARSOLO -
[-        ] NFC…ORAMASEQ_STARSOLO:STARSOLO -
[-        ] NFC…_STARSOLO:STARSOLO_TO_H5AD -
[-        ] NFC…AMASEQ:PANORAMASEQ:MULTIQC -
PIPELINE_INITIALISATION.out.samplesheet: [[id:test1, N_barcodes:34500, barcode_file:/nf-core/test-datasets/panoramaseq/testdata/barcodes_coords.csv, single_end:false], [/nf-core/test-datasets/panoramaseq/testdata/rawfastq/S09_UHRR_R1.fastq.gz, /nf-core/test-datasets/panoramaseq/testdata/rawfastq/S09_UHRR_R2.fastq.gz]]
PIPELINE_INITIALISATION.out.samplesheet: [[id:test2, N_barcodes:34500, barcode_file:/nf-core/test-datasets/panoramaseq/testdata/barcodes_coords.csv, single_end:false], [/nf-core/test-datasets/panoramaseq/testdata/rawfastq/S10_UHRR_R1.fastq.gz, /nf-core/test-datasets/panoramaseq/testdata/rawfastq/S10_UHRR_R2.fastq.gz]]

executor >  local (3)
[72/22a37d] NFC…RAMASEQ:FASTQC (raw_test1) | 0 of 2
[e8/1ba296] NFC…TARSOLO:FASTQC (raw_test1) | 0 of 2
[-        ] NFC…SEQ_STARSOLO:QUIK_STARSOLO | 0 of 2
[-        ] NFC…LO:REORDER_R1_FOR_STARSOLO -
[-        ] NFC…EMAP_BARCODES_FOR_STARSOLO -
[-        ] NFC…ORAMASEQ_STARSOLO:STARSOLO -
[-        ] NFC…_STARSOLO:STARSOLO_TO_H5AD -
[-        ] NFC…AMASEQ:PANORAMASEQ:MULTIQC -
PIPELINE_INITIALISATION.out.samplesheet: [[id:test1, N_barcodes:34500, barcode_file:/nf-core/test-datasets/panoramaseq/testdata/barcodes_coords.csv, single_end:false], [/nf-core/test-datasets/panoramaseq/testdata/rawfastq/S09_UHRR_R1.fastq.gz, /nf-core/test-datasets/panoramaseq/testdata/rawfastq/S09_UHRR_R2.fastq.gz]]
PIPELINE_INITIALISATION.out.samplesheet: [[id:test2, N_barcodes:34500, barcode_file:/nf-core/test-datasets/panoramaseq/testdata/barcodes_coords.csv, single_end:false], [/nf-core/test-datasets/panoramaseq/testdata/rawfastq/S10_UHRR_R1.fastq.gz, /nf-core/test-datasets/panoramaseq/testdata/rawfastq/S10_UHRR_R2.fastq.gz]]

executor >  local (3)
[72/22a37d] NFC…RAMASEQ:FASTQC (raw_test1) | 1 of 2
[e8/1ba296] NFC…TARSOLO:FASTQC (raw_test1) | 0 of 2
[-        ] NFC…SEQ_STARSOLO:QUIK_STARSOLO | 0 of 2
[-        ] NFC…LO:REORDER_R1_FOR_STARSOLO -
[-        ] NFC…EMAP_BARCODES_FOR_STARSOLO -
[-        ] NFC…ORAMASEQ_STARSOLO:STARSOLO -
[-        ] NFC…_STARSOLO:STARSOLO_TO_H5AD -
[-        ] NFC…AMASEQ:PANORAMASEQ:MULTIQC -
PIPELINE_INITIALISATION.out.samplesheet: [[id:test1, N_barcodes:34500, barcode_file:/nf-core/test-datasets/panoramaseq/testdata/barcodes_coords.csv, single_end:false], [/nf-core/test-datasets/panoramaseq/testdata/rawfastq/S09_UHRR_R1.fastq.gz, /nf-core/test-datasets/panoramaseq/testdata/rawfastq/S09_UHRR_R2.fastq.gz]]
PIPELINE_INITIALISATION.out.samplesheet: [[id:test2, N_barcodes:34500, barcode_file:/nf-core/test-datasets/panoramaseq/testdata/barcodes_coords.csv, single_end:false], [/nf-core/test-datasets/panoramaseq/testdata/rawfastq/S10_UHRR_R1.fastq.gz, /nf-core/test-datasets/panoramaseq/testdata/rawfastq/S10_UHRR_R2.fastq.gz]]

executor >  local (4)
[61/c40166] NFC…RAMASEQ:FASTQC (raw_test2) | 1 of 2
[cf/9a6bf8] NFC…TARSOLO:FASTQC (raw_test2) | 1 of 2
[-        ] NFC…SEQ_STARSOLO:QUIK_STARSOLO | 0 of 2
[-        ] NFC…LO:REORDER_R1_FOR_STARSOLO -
[-        ] NFC…EMAP_BARCODES_FOR_STARSOLO -
[-        ] NFC…ORAMASEQ_STARSOLO:STARSOLO -
[-        ] NFC…_STARSOLO:STARSOLO_TO_H5AD -
[-        ] NFC…AMASEQ:PANORAMASEQ:MULTIQC -
PIPELINE_INITIALISATION.out.samplesheet: [[id:test1, N_barcodes:34500, barcode_file:/nf-core/test-datasets/panoramaseq/testdata/barcodes_coords.csv, single_end:false], [/nf-core/test-datasets/panoramaseq/testdata/rawfastq/S09_UHRR_R1.fastq.gz, /nf-core/test-datasets/panoramaseq/testdata/rawfastq/S09_UHRR_R2.fastq.gz]]
PIPELINE_INITIALISATION.out.samplesheet: [[id:test2, N_barcodes:34500, barcode_file:/nf-core/test-datasets/panoramaseq/testdata/barcodes_coords.csv, single_end:false], [/nf-core/test-datasets/panoramaseq/testdata/rawfastq/S10_UHRR_R1.fastq.gz, /nf-core/test-datasets/panoramaseq/testdata/rawfastq/S10_UHRR_R2.fastq.gz]]

executor >  local (5)
[61/c40166] NFC…RAMASEQ:FASTQC (raw_test2) | 2 of 2 ✔
[cf/9a6bf8] NFC…TARSOLO:FASTQC (raw_test2) | 1 of 2
[d1/614021] NFC…SOLO:QUIK_STARSOLO (test1) | 0 of 2
[-        ] NFC…LO:REORDER_R1_FOR_STARSOLO -
[-        ] NFC…EMAP_BARCODES_FOR_STARSOLO -
[-        ] NFC…ORAMASEQ_STARSOLO:STARSOLO -
[-        ] NFC…_STARSOLO:STARSOLO_TO_H5AD -
[-        ] NFC…AMASEQ:PANORAMASEQ:MULTIQC -
PIPELINE_INITIALISATION.out.samplesheet: [[id:test1, N_barcodes:34500, barcode_file:/nf-core/test-datasets/panoramaseq/testdata/barcodes_coords.csv, single_end:false], [/nf-core/test-datasets/panoramaseq/testdata/rawfastq/S09_UHRR_R1.fastq.gz, /nf-core/test-datasets/panoramaseq/testdata/rawfastq/S09_UHRR_R2.fastq.gz]]
PIPELINE_INITIALISATION.out.samplesheet: [[id:test2, N_barcodes:34500, barcode_file:/nf-core/test-datasets/panoramaseq/testdata/barcodes_coords.csv, single_end:false], [/nf-core/test-datasets/panoramaseq/testdata/rawfastq/S10_UHRR_R1.fastq.gz, /nf-core/test-datasets/panoramaseq/testdata/rawfastq/S10_UHRR_R2.fastq.gz]]

executor >  local (5)
[61/c40166] NFC…RAMASEQ:FASTQC (raw_test2) | 2 of 2 ✔
[cf/9a6bf8] NFC…TARSOLO:FASTQC (raw_test2) | 1 of 2
[d1/614021] NFC…SOLO:QUIK_STARSOLO (test1) | 0 of 2
[-        ] NFC…LO:REORDER_R1_FOR_STARSOLO -
[-        ] NFC…EMAP_BARCODES_FOR_STARSOLO -
[-        ] NFC…ORAMASEQ_STARSOLO:STARSOLO -
[-        ] NFC…_STARSOLO:STARSOLO_TO_H5AD -
[-        ] NFC…AMASEQ:PANORAMASEQ:MULTIQC -
PIPELINE_INITIALISATION.out.samplesheet: [[id:test1, N_barcodes:34500, barcode_file:/nf-core/test-datasets/panoramaseq/testdata/barcodes_coords.csv, single_end:false], [/nf-core/test-datasets/panoramaseq/testdata/rawfastq/S09_UHRR_R1.fastq.gz, /nf-core/test-datasets/panoramaseq/testdata/rawfastq/S09_UHRR_R2.fastq.gz]]
PIPELINE_INITIALISATION.out.samplesheet: [[id:test2, N_barcodes:34500, barcode_file:/nf-core/test-datasets/panoramaseq/testdata/barcodes_coords.csv, single_end:false], [/nf-core/test-datasets/panoramaseq/testdata/rawfastq/S10_UHRR_R1.fastq.gz, /nf-core/test-datasets/panoramaseq/testdata/rawfastq/S10_UHRR_R2.fastq.gz]]

executor >  local (6)
[61/c40166] NFC…RAMASEQ:FASTQC (raw_test2) | 2 of 2 ✔
[e8/1ba296] NFC…TARSOLO:FASTQC (raw_test1) | 2 of 2 ✔
[1f/19a121] NFC…SOLO:QUIK_STARSOLO (test2) | 0 of 2
[-        ] NFC…LO:REORDER_R1_FOR_STARSOLO -
[-        ] NFC…EMAP_BARCODES_FOR_STARSOLO -
[-        ] NFC…ORAMASEQ_STARSOLO:STARSOLO -
[-        ] NFC…_STARSOLO:STARSOLO_TO_H5AD -
[-        ] NFC…AMASEQ:PANORAMASEQ:MULTIQC -
PIPELINE_INITIALISATION.out.samplesheet: [[id:test1, N_barcodes:34500, barcode_file:/nf-core/test-datasets/panoramaseq/testdata/barcodes_coords.csv, single_end:false], [/nf-core/test-datasets/panoramaseq/testdata/rawfastq/S09_UHRR_R1.fastq.gz, /nf-core/test-datasets/panoramaseq/testdata/rawfastq/S09_UHRR_R2.fastq.gz]]
PIPELINE_INITIALISATION.out.samplesheet: [[id:test2, N_barcodes:34500, barcode_file:/nf-core/test-datasets/panoramaseq/testdata/barcodes_coords.csv, single_end:false], [/nf-core/test-datasets/panoramaseq/testdata/rawfastq/S10_UHRR_R1.fastq.gz, /nf-core/test-datasets/panoramaseq/testdata/rawfastq/S10_UHRR_R2.fastq.gz]]

executor >  local (7)
[61/c40166] NFC…RAMASEQ:FASTQC (raw_test2) | 2 of 2 ✔
[e8/1ba296] NFC…TARSOLO:FASTQC (raw_test1) | 2 of 2 ✔
[d1/614021] NFC…SOLO:QUIK_STARSOLO (test1) | 1 of 2
[52/58b3e0] NFC…ER_R1_FOR_STARSOLO (test1) | 0 of 1
[-        ] NFC…EMAP_BARCODES_FOR_STARSOLO -
[-        ] NFC…ORAMASEQ_STARSOLO:STARSOLO -
[-        ] NFC…_STARSOLO:STARSOLO_TO_H5AD -
[-        ] NFC…AMASEQ:PANORAMASEQ:MULTIQC -
PIPELINE_INITIALISATION.out.samplesheet: [[id:test1, N_barcodes:34500, barcode_file:/nf-core/test-datasets/panoramaseq/testdata/barcodes_coords.csv, single_end:false], [/nf-core/test-datasets/panoramaseq/testdata/rawfastq/S09_UHRR_R1.fastq.gz, /nf-core/test-datasets/panoramaseq/testdata/rawfastq/S09_UHRR_R2.fastq.gz]]
PIPELINE_INITIALISATION.out.samplesheet: [[id:test2, N_barcodes:34500, barcode_file:/nf-core/test-datasets/panoramaseq/testdata/barcodes_coords.csv, single_end:false], [/nf-core/test-datasets/panoramaseq/testdata/rawfastq/S10_UHRR_R1.fastq.gz, /nf-core/test-datasets/panoramaseq/testdata/rawfastq/S10_UHRR_R2.fastq.gz]]

executor >  local (7)
[61/c40166] NFC…RAMASEQ:FASTQC (raw_test2) | 2 of 2 ✔
[e8/1ba296] NFC…TARSOLO:FASTQC (raw_test1) | 2 of 2 ✔
[1f/19a121] NFC…SOLO:QUIK_STARSOLO (test2) | 2 of 2 ✔
[52/58b3e0] NFC…ER_R1_FOR_STARSOLO (test1) | 0 of 1
[-        ] NFC…EMAP_BARCODES_FOR_STARSOLO -
[-        ] NFC…ORAMASEQ_STARSOLO:STARSOLO -
[-        ] NFC…_STARSOLO:STARSOLO_TO_H5AD -
[-        ] NFC…AMASEQ:PANORAMASEQ:MULTIQC -
PIPELINE_INITIALISATION.out.samplesheet: [[id:test1, N_barcodes:34500, barcode_file:/nf-core/test-datasets/panoramaseq/testdata/barcodes_coords.csv, single_end:false], [/nf-core/test-datasets/panoramaseq/testdata/rawfastq/S09_UHRR_R1.fastq.gz, /nf-core/test-datasets/panoramaseq/testdata/rawfastq/S09_UHRR_R2.fastq.gz]]
PIPELINE_INITIALISATION.out.samplesheet: [[id:test2, N_barcodes:34500, barcode_file:/nf-core/test-datasets/panoramaseq/testdata/barcodes_coords.csv, single_end:false], [/nf-core/test-datasets/panoramaseq/testdata/rawfastq/S10_UHRR_R1.fastq.gz, /nf-core/test-datasets/panoramaseq/testdata/rawfastq/S10_UHRR_R2.fastq.gz]]

executor >  local (8)
[61/c40166] NFC…RAMASEQ:FASTQC (raw_test2) | 2 of 2 ✔
[e8/1ba296] NFC…TARSOLO:FASTQC (raw_test1) | 2 of 2 ✔
[1f/19a121] NFC…SOLO:QUIK_STARSOLO (test2) | 2 of 2 ✔
[9f/5bd579] NFC…ER_R1_FOR_STARSOLO (test2) | 0 of 2
[-        ] NFC…EMAP_BARCODES_FOR_STARSOLO -
[-        ] NFC…ORAMASEQ_STARSOLO:STARSOLO -
[-        ] NFC…_STARSOLO:STARSOLO_TO_H5AD -
[-        ] NFC…AMASEQ:PANORAMASEQ:MULTIQC -
PIPELINE_INITIALISATION.out.samplesheet: [[id:test1, N_barcodes:34500, barcode_file:/nf-core/test-datasets/panoramaseq/testdata/barcodes_coords.csv, single_end:false], [/nf-core/test-datasets/panoramaseq/testdata/rawfastq/S09_UHRR_R1.fastq.gz, /nf-core/test-datasets/panoramaseq/testdata/rawfastq/S09_UHRR_R2.fastq.gz]]
PIPELINE_INITIALISATION.out.samplesheet: [[id:test2, N_barcodes:34500, barcode_file:/nf-core/test-datasets/panoramaseq/testdata/barcodes_coords.csv, single_end:false], [/nf-core/test-datasets/panoramaseq/testdata/rawfastq/S10_UHRR_R1.fastq.gz, /nf-core/test-datasets/panoramaseq/testdata/rawfastq/S10_UHRR_R2.fastq.gz]]

executor >  local (8)
[61/c40166] NFC…RAMASEQ:FASTQC (raw_test2) | 2 of 2 ✔
[e8/1ba296] NFC…TARSOLO:FASTQC (raw_test1) | 2 of 2 ✔
[1f/19a121] NFC…SOLO:QUIK_STARSOLO (test2) | 2 of 2 ✔
[52/58b3e0] NFC…ER_R1_FOR_STARSOLO (test1) | 1 of 2
[-        ] NFC…EMAP_BARCODES_FOR_STARSOLO -
[-        ] NFC…ORAMASEQ_STARSOLO:STARSOLO -
[-        ] NFC…_STARSOLO:STARSOLO_TO_H5AD -
[-        ] NFC…AMASEQ:PANORAMASEQ:MULTIQC -
PIPELINE_INITIALISATION.out.samplesheet: [[id:test1, N_barcodes:34500, barcode_file:/nf-core/test-datasets/panoramaseq/testdata/barcodes_coords.csv, single_end:false], [/nf-core/test-datasets/panoramaseq/testdata/rawfastq/S09_UHRR_R1.fastq.gz, /nf-core/test-datasets/panoramaseq/testdata/rawfastq/S09_UHRR_R2.fastq.gz]]
PIPELINE_INITIALISATION.out.samplesheet: [[id:test2, N_barcodes:34500, barcode_file:/nf-core/test-datasets/panoramaseq/testdata/barcodes_coords.csv, single_end:false], [/nf-core/test-datasets/panoramaseq/testdata/rawfastq/S10_UHRR_R1.fastq.gz, /nf-core/test-datasets/panoramaseq/testdata/rawfastq/S10_UHRR_R2.fastq.gz]]

executor >  local (9)
[61/c40166] NFC…RAMASEQ:FASTQC (raw_test2) | 2 of 2 ✔
[e8/1ba296] NFC…TARSOLO:FASTQC (raw_test1) | 2 of 2 ✔
[1f/19a121] NFC…SOLO:QUIK_STARSOLO (test2) | 2 of 2 ✔
[52/58b3e0] NFC…ER_R1_FOR_STARSOLO (test1) | 1 of 2
[e9/8123b2] NFC…CODES_FOR_STARSOLO (test1) | 0 of 1
[-        ] NFC…ORAMASEQ_STARSOLO:STARSOLO -
[-        ] NFC…_STARSOLO:STARSOLO_TO_H5AD -
[-        ] NFC…AMASEQ:PANORAMASEQ:MULTIQC -
PIPELINE_INITIALISATION.out.samplesheet: [[id:test1, N_barcodes:34500, barcode_file:/nf-core/test-datasets/panoramaseq/testdata/barcodes_coords.csv, single_end:false], [/nf-core/test-datasets/panoramaseq/testdata/rawfastq/S09_UHRR_R1.fastq.gz, /nf-core/test-datasets/panoramaseq/testdata/rawfastq/S09_UHRR_R2.fastq.gz]]
PIPELINE_INITIALISATION.out.samplesheet: [[id:test2, N_barcodes:34500, barcode_file:/nf-core/test-datasets/panoramaseq/testdata/barcodes_coords.csv, single_end:false], [/nf-core/test-datasets/panoramaseq/testdata/rawfastq/S10_UHRR_R1.fastq.gz, /nf-core/test-datasets/panoramaseq/testdata/rawfastq/S10_UHRR_R2.fastq.gz]]

executor >  local (9)
[61/c40166] NFC…RAMASEQ:FASTQC (raw_test2) | 2 of 2 ✔
[e8/1ba296] NFC…TARSOLO:FASTQC (raw_test1) | 2 of 2 ✔
[1f/19a121] NFC…SOLO:QUIK_STARSOLO (test2) | 2 of 2 ✔
[9f/5bd579] NFC…ER_R1_FOR_STARSOLO (test2) | 2 of 2 ✔
[e9/8123b2] NFC…CODES_FOR_STARSOLO (test1) | 0 of 1
[-        ] NFC…ORAMASEQ_STARSOLO:STARSOLO -
[-        ] NFC…_STARSOLO:STARSOLO_TO_H5AD -
[-        ] NFC…AMASEQ:PANORAMASEQ:MULTIQC -
PIPELINE_INITIALISATION.out.samplesheet: [[id:test1, N_barcodes:34500, barcode_file:/nf-core/test-datasets/panoramaseq/testdata/barcodes_coords.csv, single_end:false], [/nf-core/test-datasets/panoramaseq/testdata/rawfastq/S09_UHRR_R1.fastq.gz, /nf-core/test-datasets/panoramaseq/testdata/rawfastq/S09_UHRR_R2.fastq.gz]]
PIPELINE_INITIALISATION.out.samplesheet: [[id:test2, N_barcodes:34500, barcode_file:/nf-core/test-datasets/panoramaseq/testdata/barcodes_coords.csv, single_end:false], [/nf-core/test-datasets/panoramaseq/testdata/rawfastq/S10_UHRR_R1.fastq.gz, /nf-core/test-datasets/panoramaseq/testdata/rawfastq/S10_UHRR_R2.fastq.gz]]

executor >  local (10)
[61/c40166] NFC…RAMASEQ:FASTQC (raw_test2) | 2 of 2 ✔
[e8/1ba296] NFC…TARSOLO:FASTQC (raw_test1) | 2 of 2 ✔
[1f/19a121] NFC…SOLO:QUIK_STARSOLO (test2) | 2 of 2 ✔
[9f/5bd579] NFC…ER_R1_FOR_STARSOLO (test2) | 2 of 2 ✔
[83/64acab] NFC…CODES_FOR_STARSOLO (test2) | 0 of 2
[-        ] NFC…ORAMASEQ_STARSOLO:STARSOLO -
[-        ] NFC…_STARSOLO:STARSOLO_TO_H5AD -
[-        ] NFC…AMASEQ:PANORAMASEQ:MULTIQC -
PIPELINE_INITIALISATION.out.samplesheet: [[id:test1, N_barcodes:34500, barcode_file:/nf-core/test-datasets/panoramaseq/testdata/barcodes_coords.csv, single_end:false], [/nf-core/test-datasets/panoramaseq/testdata/rawfastq/S09_UHRR_R1.fastq.gz, /nf-core/test-datasets/panoramaseq/testdata/rawfastq/S09_UHRR_R2.fastq.gz]]
PIPELINE_INITIALISATION.out.samplesheet: [[id:test2, N_barcodes:34500, barcode_file:/nf-core/test-datasets/panoramaseq/testdata/barcodes_coords.csv, single_end:false], [/nf-core/test-datasets/panoramaseq/testdata/rawfastq/S10_UHRR_R1.fastq.gz, /nf-core/test-datasets/panoramaseq/testdata/rawfastq/S10_UHRR_R2.fastq.gz]]

executor >  local (10)
[61/c40166] NFC…RAMASEQ:FASTQC (raw_test2) | 2 of 2 ✔
[e8/1ba296] NFC…TARSOLO:FASTQC (raw_test1) | 2 of 2 ✔
[1f/19a121] NFC…SOLO:QUIK_STARSOLO (test2) | 2 of 2 ✔
[9f/5bd579] NFC…ER_R1_FOR_STARSOLO (test2) | 2 of 2 ✔
[83/64acab] NFC…CODES_FOR_STARSOLO (test2) | 0 of 2
[-        ] NFC…ORAMASEQ_STARSOLO:STARSOLO -
[-        ] NFC…_STARSOLO:STARSOLO_TO_H5AD -
[-        ] NFC…AMASEQ:PANORAMASEQ:MULTIQC -
PIPELINE_INITIALISATION.out.samplesheet: [[id:test1, N_barcodes:34500, barcode_file:/nf-core/test-datasets/panoramaseq/testdata/barcodes_coords.csv, single_end:false], [/nf-core/test-datasets/panoramaseq/testdata/rawfastq/S09_UHRR_R1.fastq.gz, /nf-core/test-datasets/panoramaseq/testdata/rawfastq/S09_UHRR_R2.fastq.gz]]
PIPELINE_INITIALISATION.out.samplesheet: [[id:test2, N_barcodes:34500, barcode_file:/nf-core/test-datasets/panoramaseq/testdata/barcodes_coords.csv, single_end:false], [/nf-core/test-datasets/panoramaseq/testdata/rawfastq/S10_UHRR_R1.fastq.gz, /nf-core/test-datasets/panoramaseq/testdata/rawfastq/S10_UHRR_R2.fastq.gz]]
ERROR ~ Error executing process > 'NFCORE_PANORAMASEQ:PANORAMASEQ:PANORAMASEQ_STARSOLO:REMAP_BARCODES_FOR_STARSOLO (test1)'

Caused by:
  Process `NFCORE_PANORAMASEQ:PANORAMASEQ:PANORAMASEQ_STARSOLO:REMAP_BARCODES_FOR_STARSOLO (test1)` terminated with an error exit status (1)


Command executed:

  remap_barcodes_for_starsolo.py \
         --whitelist test1_whitelist.txt \
         --fastq test1_R1_reordered.fastq.gz \
         --output-fastq test1_synthetic.fastq.gz \
         --output-whitelist test1_whitelist_synthetic.txt \
         --output-mapping test1_barcode_mapping.tsv \
         --barcode-start 0 \
         --barcode-length 36 \
         --umi-length 10 \
         --synthetic-length 25
  
     cat <<-END_VERSIONS > versions.yml
  "NFCORE_PANORAMASEQ:PANORAMASEQ:PANORAMASEQ_STARSOLO:REMAP_BARCODES_FOR_STARSOLO":
      python: $(python3 --version | cut -d' ' -f2)
  END_VERSIONS

Command exit status:
  1

Command output:
  (empty)

Command error:
  INFO:    Environment variable SINGULARITYENV_NXF_TASK_WORKDIR is set, but APPTAINERENV_NXF_TASK_WORKDIR is preferred
  INFO:    Environment variable SINGULARITYENV_NXF_DEBUG is set, but APPTAINERENV_NXF_DEBUG is preferred
  === Barcode Remapping for STARsolo ===
  Input whitelist: test1_whitelist.txt
  Input FASTQ: test1_R1_reordered.fastq.gz
  Original barcode: 36bp at position 0
  UMI length: 10bp
  Synthetic barcode: 25bp
  Output read length: 35bp (trimmed)
  
  Step 1: Generating barcode mapping...
  Generated 0 unique barcode mappings
  Synthetic barcode length: 25bp
  Step 2: Writing mapping table...
  Wrote mapping table: test1_barcode_mapping.tsv
  Step 3: Writing synthetic whitelist...
  Wrote synthetic whitelist: test1_whitelist_synthetic.txt
  Step 4: Remapping FASTQ reads...
  Synthetic barcode length: 25bp
  UMI length: 10bp
  Output read length will be trimmed to: 35bp
  
  Final stats:
    Total reads: 0
    Remapped: 0
    Skipped: 0
    Unmapped barcodes: 0
    Output read length: 35bp
  Traceback (most recent call last):
    File "/kyukon/scratch/gent/vo/000/gvo00027/vsc44685/panoramaseq/revision_1/panoramaseq/bin/remap_barcodes_for_starsolo.py", line 285, in <module>
      main()
    File "/kyukon/scratch/gent/vo/000/gvo00027/vsc44685/panoramaseq/revision_1/panoramaseq/bin/remap_barcodes_for_starsolo.py", line 279, in main
      remap_fastq(args.fastq, args.output_fastq, mapping, args.barcode_start, args.barcode_length, args.umi_length)
    File "/kyukon/scratch/gent/vo/000/gvo00027/vsc44685/panoramaseq/revision_1/panoramaseq/bin/remap_barcodes_for_starsolo.py", line 231, in remap_fastq
      raise RuntimeError("No reads were successfully remapped!")
  RuntimeError: No reads were successfully remapped!

Work dir:
  /kyukon/scratch/gent/vo/000/gvo00027/vsc44685/panoramaseq/revision_1/panoramaseq/work/e9/8123b2a5a9a7abc5fd5fe6a51750b1

Container:
  /kyukon/scratch/gent/vo/000/gvo00027/vsc44685/singularity_cache/depot.galaxyproject.org-singularity-python-3.11.img

Tip: view the complete command output by changing to the process work dir and entering the command `cat .command.out`

 -- Check '.nextflow.log' file for details

executor >  local (10)
[61/c40166] NFC…RAMASEQ:FASTQC (raw_test2) | 2 of 2 ✔
[e8/1ba296] NFC…TARSOLO:FASTQC (raw_test1) | 2 of 2 ✔
[1f/19a121] NFC…SOLO:QUIK_STARSOLO (test2) | 2 of 2 ✔
[9f/5bd579] NFC…ER_R1_FOR_STARSOLO (test2) | 2 of 2 ✔
[e9/8123b2] NFC…CODES_FOR_STARSOLO (test1) | 0 of 2
[-        ] NFC…ORAMASEQ_STARSOLO:STARSOLO -
[-        ] NFC…_STARSOLO:STARSOLO_TO_H5AD -
[-        ] NFC…AMASEQ:PANORAMASEQ:MULTIQC -
PIPELINE_INITIALISATION.out.samplesheet: [[id:test1, N_barcodes:34500, barcode_file:/nf-core/test-datasets/panoramaseq/testdata/barcodes_coords.csv, single_end:false], [/nf-core/test-datasets/panoramaseq/testdata/rawfastq/S09_UHRR_R1.fastq.gz, /nf-core/test-datasets/panoramaseq/testdata/rawfastq/S09_UHRR_R2.fastq.gz]]
PIPELINE_INITIALISATION.out.samplesheet: [[id:test2, N_barcodes:34500, barcode_file:/nf-core/test-datasets/panoramaseq/testdata/barcodes_coords.csv, single_end:false], [/nf-core/test-datasets/panoramaseq/testdata/rawfastq/S10_UHRR_R1.fastq.gz, /nf-core/test-datasets/panoramaseq/testdata/rawfastq/S10_UHRR_R2.fastq.gz]]
Execution cancelled -- Finishing pending tasks before exit
ERROR ~ Error executing process > 'NFCORE_PANORAMASEQ:PANORAMASEQ:PANORAMASEQ_STARSOLO:REMAP_BARCODES_FOR_STARSOLO (test1)'

Caused by:
  Process `NFCORE_PANORAMASEQ:PANORAMASEQ:PANORAMASEQ_STARSOLO:REMAP_BARCODES_FOR_STARSOLO (test1)` terminated with an error exit status (1)


Command executed:

  remap_barcodes_for_starsolo.py \
         --whitelist test1_whitelist.txt \
         --fastq test1_R1_reordered.fastq.gz \
         --output-fastq test1_synthetic.fastq.gz \
         --output-whitelist test1_whitelist_synthetic.txt \
         --output-mapping test1_barcode_mapping.tsv \
         --barcode-start 0 \
         --barcode-length 36 \
         --umi-length 10 \
         --synthetic-length 25
  
     cat <<-END_VERSIONS > versions.yml
  "NFCORE_PANORAMASEQ:PANORAMASEQ:PANORAMASEQ_STARSOLO:REMAP_BARCODES_FOR_STARSOLO":
      python: $(python3 --version | cut -d' ' -f2)
  END_VERSIONS

Command exit status:
  1

Command output:
  (empty)

Command error:
  INFO:    Environment variable SINGULARITYENV_NXF_TASK_WORKDIR is set, but APPTAINERENV_NXF_TASK_WORKDIR is preferred
  INFO:    Environment variable SINGULARITYENV_NXF_DEBUG is set, but APPTAINERENV_NXF_DEBUG is preferred
  === Barcode Remapping for STARsolo ===
  Input whitelist: test1_whitelist.txt
  Input FASTQ: test1_R1_reordered.fastq.gz
  Original barcode: 36bp at position 0
  UMI length: 10bp
  Synthetic barcode: 25bp
  Output read length: 35bp (trimmed)
  
  Step 1: Generating barcode mapping...
  Generated 0 unique barcode mappings
  Synthetic barcode length: 25bp
  Step 2: Writing mapping table...
  Wrote mapping table: test1_barcode_mapping.tsv
  Step 3: Writing synthetic whitelist...
  Wrote synthetic whitelist: test1_whitelist_synthetic.txt
  Step 4: Remapping FASTQ reads...
  Synthetic barcode length: 25bp
  UMI length: 10bp
  Output read length will be trimmed to: 35bp
  
  Final stats:
    Total reads: 0
    Remapped: 0
    Skipped: 0
    Unmapped barcodes: 0
    Output read length: 35bp
  Traceback (most recent call last):
    File "/kyukon/scratch/gent/vo/000/gvo00027/vsc44685/panoramaseq/revision_1/panoramaseq/bin/remap_barcodes_for_starsolo.py", line 285, in <module>
      main()
    File "/kyukon/scratch/gent/vo/000/gvo00027/vsc44685/panoramaseq/revision_1/panoramaseq/bin/remap_barcodes_for_starsolo.py", line 279, in main
      remap_fastq(args.fastq, args.output_fastq, mapping, args.barcode_start, args.barcode_length, args.umi_length)
    File "/kyukon/scratch/gent/vo/000/gvo00027/vsc44685/panoramaseq/revision_1/panoramaseq/bin/remap_barcodes_for_starsolo.py", line 231, in remap_fastq
      raise RuntimeError("No reads were successfully remapped!")
  RuntimeError: No reads were successfully remapped!

Work dir:
  /kyukon/scratch/gent/vo/000/gvo00027/vsc44685/panoramaseq/revision_1/panoramaseq/work/e9/8123b2a5a9a7abc5fd5fe6a51750b1

Container:
  /kyukon/scratch/gent/vo/000/gvo00027/vsc44685/singularity_cache/depot.galaxyproject.org-singularity-python-3.11.img

Tip: view the complete command output by changing to the process work dir and entering the command `cat .command.out`

 -- Check '.nextflow.log' file for details
ERROR ~ Panoramaseq pipeline failed. Please refer to troubleshooting docs: https://nf-co.re/docs/usage/troubleshooting

 -- Check '.nextflow.log' file for details

executor >  local (10)
[61/c40166] NFC…RAMASEQ:FASTQC (raw_test2) | 2 of 2 ✔
[e8/1ba296] NFC…TARSOLO:FASTQC (raw_test1) | 2 of 2 ✔
[1f/19a121] NFC…SOLO:QUIK_STARSOLO (test2) | 2 of 2 ✔
[9f/5bd579] NFC…ER_R1_FOR_STARSOLO (test2) | 2 of 2 ✔
[83/64acab] NFC…CODES_FOR_STARSOLO (test2) | 0 of 2 ✘
[-        ] NFC…ORAMASEQ_STARSOLO:STARSOLO -
[-        ] NFC…_STARSOLO:STARSOLO_TO_H5AD -
[-        ] NFC…AMASEQ:PANORAMASEQ:MULTIQC -
PIPELINE_INITIALISATION.out.samplesheet: [[id:test1, N_barcodes:34500, barcode_file:/nf-core/test-datasets/panoramaseq/testdata/barcodes_coords.csv, single_end:false], [/nf-core/test-datasets/panoramaseq/testdata/rawfastq/S09_UHRR_R1.fastq.gz, /nf-core/test-datasets/panoramaseq/testdata/rawfastq/S09_UHRR_R2.fastq.gz]]
PIPELINE_INITIALISATION.out.samplesheet: [[id:test2, N_barcodes:34500, barcode_file:/nf-core/test-datasets/panoramaseq/testdata/barcodes_coords.csv, single_end:false], [/nf-core/test-datasets/panoramaseq/testdata/rawfastq/S10_UHRR_R1.fastq.gz, /nf-core/test-datasets/panoramaseq/testdata/rawfastq/S10_UHRR_R2.fastq.gz]]
Execution cancelled -- Finishing pending tasks before exit
-[nf-core/panoramaseq] Pipeline completed with errors-
ERROR ~ Error executing process > 'NFCORE_PANORAMASEQ:PANORAMASEQ:PANORAMASEQ_STARSOLO:REMAP_BARCODES_FOR_STARSOLO (test1)'

Caused by:
  Process `NFCORE_PANORAMASEQ:PANORAMASEQ:PANORAMASEQ_STARSOLO:REMAP_BARCODES_FOR_STARSOLO (test1)` terminated with an error exit status (1)


Command executed:

  remap_barcodes_for_starsolo.py \
         --whitelist test1_whitelist.txt \
         --fastq test1_R1_reordered.fastq.gz \
         --output-fastq test1_synthetic.fastq.gz \
         --output-whitelist test1_whitelist_synthetic.txt \
         --output-mapping test1_barcode_mapping.tsv \
         --barcode-start 0 \
         --barcode-length 36 \
         --umi-length 10 \
         --synthetic-length 25
  
     cat <<-END_VERSIONS > versions.yml
  "NFCORE_PANORAMASEQ:PANORAMASEQ:PANORAMASEQ_STARSOLO:REMAP_BARCODES_FOR_STARSOLO":
      python: $(python3 --version | cut -d' ' -f2)
  END_VERSIONS

Command exit status:
  1

Command output:
  (empty)

Command error:
  INFO:    Environment variable SINGULARITYENV_NXF_TASK_WORKDIR is set, but APPTAINERENV_NXF_TASK_WORKDIR is preferred
  INFO:    Environment variable SINGULARITYENV_NXF_DEBUG is set, but APPTAINERENV_NXF_DEBUG is preferred
  === Barcode Remapping for STARsolo ===
  Input whitelist: test1_whitelist.txt
  Input FASTQ: test1_R1_reordered.fastq.gz
  Original barcode: 36bp at position 0
  UMI length: 10bp
  Synthetic barcode: 25bp
  Output read length: 35bp (trimmed)
  
  Step 1: Generating barcode mapping...
  Generated 0 unique barcode mappings
  Synthetic barcode length: 25bp
  Step 2: Writing mapping table...
  Wrote mapping table: test1_barcode_mapping.tsv
  Step 3: Writing synthetic whitelist...
  Wrote synthetic whitelist: test1_whitelist_synthetic.txt
  Step 4: Remapping FASTQ reads...
  Synthetic barcode length: 25bp
  UMI length: 10bp
  Output read length will be trimmed to: 35bp
  
  Final stats:
    Total reads: 0
    Remapped: 0
    Skipped: 0
    Unmapped barcodes: 0
    Output read length: 35bp
  Traceback (most recent call last):
    File "/kyukon/scratch/gent/vo/000/gvo00027/vsc44685/panoramaseq/revision_1/panoramaseq/bin/remap_barcodes_for_starsolo.py", line 285, in <module>
      main()
    File "/kyukon/scratch/gent/vo/000/gvo00027/vsc44685/panoramaseq/revision_1/panoramaseq/bin/remap_barcodes_for_starsolo.py", line 279, in main
      remap_fastq(args.fastq, args.output_fastq, mapping, args.barcode_start, args.barcode_length, args.umi_length)
    File "/kyukon/scratch/gent/vo/000/gvo00027/vsc44685/panoramaseq/revision_1/panoramaseq/bin/remap_barcodes_for_starsolo.py", line 231, in remap_fastq
      raise RuntimeError("No reads were successfully remapped!")
  RuntimeError: No reads were successfully remapped!

Work dir:
  /kyukon/scratch/gent/vo/000/gvo00027/vsc44685/panoramaseq/revision_1/panoramaseq/work/e9/8123b2a5a9a7abc5fd5fe6a51750b1

Container:
  /kyukon/scratch/gent/vo/000/gvo00027/vsc44685/singularity_cache/depot.galaxyproject.org-singularity-python-3.11.img

Tip: view the complete command output by changing to the process work dir and entering the command `cat .command.out`

 -- Check '.nextflow.log' file for details
ERROR ~ Panoramaseq pipeline failed. Please refer to troubleshooting docs: https://nf-co.re/docs/usage/troubleshooting

 -- Check '.nextflow.log' file for details

